$0060 : Deceleration      : 1 bytes : D:\Portable\Algorithm Builder\V544\COMM ADAPTER\ALG Ч копи€\CommAdapter.alp
$0061 : DecelerationIndex : 1 bytes : D:\Portable\Algorithm Builder\V544\COMM ADAPTER\ALG Ч копи€\CommAdapter.alp
$0062 : FlashPageSize     : 1 bytes : D:\Portable\Algorithm Builder\V544\COMM ADAPTER\ALG Ч копи€\CommAdapter.alp
$0063 : EEPROMPageSize    : 1 bytes : D:\Portable\Algorithm Builder\V544\COMM ADAPTER\ALG Ч копи€\CommAdapter.alp
$0064 : PollReadyExists   : 1 bytes : D:\Portable\Algorithm Builder\V544\COMM ADAPTER\ALG Ч копи€\CommAdapter.alp
$0065 : Enabled           : 1 bytes : D:\Portable\Algorithm Builder\V544\COMM ADAPTER\ALG Ч копи€\CommAdapter.alp
$0066 : Addr0             : 1 bytes : D:\Portable\Algorithm Builder\V544\COMM ADAPTER\ALG Ч копи€\Respondents.alg
$0067 : Addr1             : 1 bytes : D:\Portable\Algorithm Builder\V544\COMM ADAPTER\ALG Ч копи€\Respondents.alg
$0068 : Addr2             : 1 bytes : D:\Portable\Algorithm Builder\V544\COMM ADAPTER\ALG Ч копи€\Respondents.alg
$0069 : Buffer            : 1 bytes : D:\Portable\Algorithm Builder\V544\COMM ADAPTER\ALG Ч копи€\Respondents.alg
$00A9 : PageSize          : 1 bytes : D:\Portable\Algorithm Builder\V544\COMM ADAPTER\ALG Ч копи€\Respondents.alg
$00AA : DataOut           : 1 bytes : D:\Portable\Algorithm Builder\V544\COMM ADAPTER\ALG Ч копи€\SPI.alg
$00AA : DataOut0          : 1 bytes : D:\Portable\Algorithm Builder\V544\COMM ADAPTER\ALG Ч копи€\SPI.alg
$00AB : DataOut1          : 1 bytes : D:\Portable\Algorithm Builder\V544\COMM ADAPTER\ALG Ч копи€\SPI.alg
$00AC : DataOut2          : 1 bytes : D:\Portable\Algorithm Builder\V544\COMM ADAPTER\ALG Ч копи€\SPI.alg
$00AD : DataOut3          : 1 bytes : D:\Portable\Algorithm Builder\V544\COMM ADAPTER\ALG Ч копи€\SPI.alg
$00AE : DataIn            : 1 bytes : D:\Portable\Algorithm Builder\V544\COMM ADAPTER\ALG Ч копи€\SPI.alg
$00AE : DataIn0           : 1 bytes : D:\Portable\Algorithm Builder\V544\COMM ADAPTER\ALG Ч копи€\SPI.alg
$00AF : DataIn1           : 1 bytes : D:\Portable\Algorithm Builder\V544\COMM ADAPTER\ALG Ч копи€\SPI.alg
$00B0 : DataIn2           : 1 bytes : D:\Portable\Algorithm Builder\V544\COMM ADAPTER\ALG Ч копи€\SPI.alg
$00B1 : DataIn3           : 1 bytes : D:\Portable\Algorithm Builder\V544\COMM ADAPTER\ALG Ч копи€\SPI.alg
$00B2 : CRC               : 2 bytes : D:\Portable\Algorithm Builder\V544\COMM ADAPTER\ALG Ч копи€\CRC.alg
$00B4 : mon_Instruction   : 1 bytes : D:\Portable\Algorithm Builder\V544\COMM ADAPTER\ALG Ч копи€\Monitor.alg
$00B4 : mon_Address       : 2 bytes : D:\Portable\Algorithm Builder\V544\COMM ADAPTER\ALG Ч копи€\Monitor.alg
$00B6 : mon_Count         : 2 bytes : D:\Portable\Algorithm Builder\V544\COMM ADAPTER\ALG Ч копи€\Monitor.alg
$00B8 : mon_Command       : 1 bytes : D:\Portable\Algorithm Builder\V544\COMM ADAPTER\ALG Ч копи€\Monitor.alg
$00B9 : mon_WriteByte     : 1 bytes : D:\Portable\Algorithm Builder\V544\COMM ADAPTER\ALG Ч копи€\Monitor.alg
