$0000 : rect_NomCount                     : 1 bytes : I:\Portable\Algorithm Builder\V544\EXAMPLES\POWER\Rectifiers.alg
$0001 : rect_Type                         : 1 bytes : I:\Portable\Algorithm Builder\V544\EXAMPLES\POWER\Rectifiers.alg
$0002 : rect_TypeVoltage                  : 1 bytes : I:\Portable\Algorithm Builder\V544\EXAMPLES\POWER\Rectifiers.alg
$0003 : rect_MaxAddress                   : 1 bytes : I:\Portable\Algorithm Builder\V544\EXAMPLES\POWER\Rectifiers.alg
$0004 : rect_OverVoltage                  : 2 bytes : I:\Portable\Algorithm Builder\V544\EXAMPLES\POWER\Rectifiers.alg
$0006 : rect_OverVoltage_Typ              : 2 bytes : I:\Portable\Algorithm Builder\V544\EXAMPLES\POWER\Rectifiers.alg
$0008 : rect_UnderVoltage                 : 2 bytes : I:\Portable\Algorithm Builder\V544\EXAMPLES\POWER\Rectifiers.alg
$000A : rect_Voltage_Min                  : 2 bytes : I:\Portable\Algorithm Builder\V544\EXAMPLES\POWER\Rectifiers.alg
$000C : rect_Voltage_Max                  : 2 bytes : I:\Portable\Algorithm Builder\V544\EXAMPLES\POWER\Rectifiers.alg
$000E : rect_clb_DefaultVoltage           : 2 bytes : I:\Portable\Algorithm Builder\V544\EXAMPLES\POWER\rect_Calibration.alg
$0010 : rect_stby_Enabled                 : 1 bytes : I:\Portable\Algorithm Builder\V544\EXAMPLES\POWER\rect_Standby.alg
$0011 : rect_stby_MinCount                : 1 bytes : I:\Portable\Algorithm Builder\V544\EXAMPLES\POWER\rect_Standby.alg
$0012 : rect_stby_MinLoad                 : 1 bytes : I:\Portable\Algorithm Builder\V544\EXAMPLES\POWER\rect_Standby.alg
$0013 : rect_stby_MaxLoad                 : 1 bytes : I:\Portable\Algorithm Builder\V544\EXAMPLES\POWER\rect_Standby.alg
$0014 : rect_stby_RotationPeriod          : 1 bytes : I:\Portable\Algorithm Builder\V544\EXAMPLES\POWER\rect_Standby.alg
$0015 : inv_Type                          : 1 bytes : I:\Portable\Algorithm Builder\V544\EXAMPLES\POWER\Invertors.alg
$0016 : inv_MinAddress                    : 1 bytes : I:\Portable\Algorithm Builder\V544\EXAMPLES\POWER\Invertors.alg
$0017 : inv_MaxAddress                    : 1 bytes : I:\Portable\Algorithm Builder\V544\EXAMPLES\POWER\Invertors.alg
$0018 : inv_NomCount                      : 1 bytes : I:\Portable\Algorithm Builder\V544\EXAMPLES\POWER\Invertors.alg
$0019 : inv_TurnOnMode                    : 1 bytes : I:\Portable\Algorithm Builder\V544\EXAMPLES\POWER\Invertors.alg
$001A : inv_Groups_Count                  : 1 bytes : I:\Portable\Algorithm Builder\V544\EXAMPLES\POWER\inv_Groups.alg
$001B : inv_Groups_InputBreaker           : 1 bytes : I:\Portable\Algorithm Builder\V544\EXAMPLES\POWER\inv_Groups.alg
$0021 : inv_Groups_MinorLoad              : 1 bytes : I:\Portable\Algorithm Builder\V544\EXAMPLES\POWER\inv_Groups.alg
$0022 : inv_Group                         : 1 bytes : I:\Portable\Algorithm Builder\V544\EXAMPLES\POWER\inv_Groups.alg
$0042 : inv_Groups_bps_NomMode            : 1 bytes : I:\Portable\Algorithm Builder\V544\EXAMPLES\POWER\inv_Groups.alg
$0048 : st_war_OverCurrent                : 2 bytes : I:\Portable\Algorithm Builder\V544\EXAMPLES\POWER\Status.alg
$004A : st_FloatingVoltage                : 2 bytes : I:\Portable\Algorithm Builder\V544\EXAMPLES\POWER\Status.alg
$004C : st_FloatingVoltage_Min            : 2 bytes : I:\Portable\Algorithm Builder\V544\EXAMPLES\POWER\Status.alg
$004E : st_FloatingVoltage_Typ            : 2 bytes : I:\Portable\Algorithm Builder\V544\EXAMPLES\POWER\Status.alg
$0050 : st_FloatingVoltage_Max            : 2 bytes : I:\Portable\Algorithm Builder\V544\EXAMPLES\POWER\Status.alg
$0052 : st_war_UnderVoltage               : 2 bytes : I:\Portable\Algorithm Builder\V544\EXAMPLES\POWER\Status.alg
$0054 : st_war_UnderVoltage_Typ           : 2 bytes : I:\Portable\Algorithm Builder\V544\EXAMPLES\POWER\Status.alg
$0056 : st_war_OverVoltage                : 2 bytes : I:\Portable\Algorithm Builder\V544\EXAMPLES\POWER\Status.alg
$0058 : st_war_OverVoltage_Typ            : 2 bytes : I:\Portable\Algorithm Builder\V544\EXAMPLES\POWER\Status.alg
$005A : st_alm_UnderVoltage               : 2 bytes : I:\Portable\Algorithm Builder\V544\EXAMPLES\POWER\Status.alg
$005C : st_alm_UnderVoltage_Typ           : 2 bytes : I:\Portable\Algorithm Builder\V544\EXAMPLES\POWER\Status.alg
$005E : st_alm_OverVoltage                : 2 bytes : I:\Portable\Algorithm Builder\V544\EXAMPLES\POWER\Status.alg
$0060 : st_alm_OverVoltage_Typ            : 2 bytes : I:\Portable\Algorithm Builder\V544\EXAMPLES\POWER\Status.alg
$0062 : almc_Tag                          : 1 bytes : I:\Portable\Algorithm Builder\V544\EXAMPLES\POWER\almc.alg
$0066 : almc_Polarity                     : 1 bytes : I:\Portable\Algorithm Builder\V544\EXAMPLES\POWER\almc.alg
$006A : almc_br                           : 1 bytes : I:\Portable\Algorithm Builder\V544\EXAMPLES\POWER\almc.alg
$006E : bat_Count                         : 1 bytes : I:\Portable\Algorithm Builder\V544\EXAMPLES\POWER\Battarey.alg
$006F : bat_NomVoltage                    : 2 bytes : I:\Portable\Algorithm Builder\V544\EXAMPLES\POWER\Battarey.alg
$0071 : bat_MinVoltage                    : 2 bytes : I:\Portable\Algorithm Builder\V544\EXAMPLES\POWER\Battarey.alg
$0073 : bat_MinViewVoltage                : 2 bytes : I:\Portable\Algorithm Builder\V544\EXAMPLES\POWER\Battarey.alg
$0075 : bat_MaxVoltage                    : 2 bytes : I:\Portable\Algorithm Builder\V544\EXAMPLES\POWER\Battarey.alg
$0077 : bat_Capacity                      : 2 bytes : I:\Portable\Algorithm Builder\V544\EXAMPLES\POWER\Battarey.alg
$0079 : bat_Charge                        : 1 bytes : I:\Portable\Algorithm Builder\V544\EXAMPLES\POWER\Battarey.alg
$007A : bat_tc                            : 1 bytes : I:\Portable\Algorithm Builder\V544\EXAMPLES\POWER\Battarey.alg
$007B : bat_tc_Lo                         : 1 bytes : I:\Portable\Algorithm Builder\V544\EXAMPLES\POWER\Battarey.alg
$007C : bat_tc_Hi                         : 1 bytes : I:\Portable\Algorithm Builder\V544\EXAMPLES\POWER\Battarey.alg
$007D : bat_ShountVoltage                 : 1 bytes : I:\Portable\Algorithm Builder\V544\EXAMPLES\POWER\Battarey.alg
$007E : bat_ShountCurrent                 : 2 bytes : I:\Portable\Algorithm Builder\V544\EXAMPLES\POWER\Battarey.alg
$0080 : bat_NomResource                   : 1 bytes : I:\Portable\Algorithm Builder\V544\EXAMPLES\POWER\Battarey.alg
$0081 : bat_ee_Resource                   : 2 bytes : I:\Portable\Algorithm Builder\V544\EXAMPLES\POWER\Battarey.alg
$0083 : bat_LowVoltageDisable             : 2 bytes : I:\Portable\Algorithm Builder\V544\EXAMPLES\POWER\Battarey.alg
$0085 : bat_LowVoltageDisable_Typ         : 2 bytes : I:\Portable\Algorithm Builder\V544\EXAMPLES\POWER\Battarey.alg
$0087 : bat_LowVoltageRecover             : 2 bytes : I:\Portable\Algorithm Builder\V544\EXAMPLES\POWER\Battarey.alg
$0089 : bat_LowVoltageRecover_Typ         : 2 bytes : I:\Portable\Algorithm Builder\V544\EXAMPLES\POWER\Battarey.alg
$008B : bat_war_LowVoltageDisable         : 2 bytes : I:\Portable\Algorithm Builder\V544\EXAMPLES\POWER\Battarey.alg
$008D : bat_war_LowVoltageDisable_Typ     : 2 bytes : I:\Portable\Algorithm Builder\V544\EXAMPLES\POWER\Battarey.alg
$008F : bat_Sections                      : 2 bytes : I:\Portable\Algorithm Builder\V544\EXAMPLES\POWER\Battarey.alg
$0091 : bat_ResourceEndDay                : 2 bytes : I:\Portable\Algorithm Builder\V544\EXAMPLES\POWER\Battarey.alg
$0093 : bat_ts_Enabled                    : 1 bytes : I:\Portable\Algorithm Builder\V544\EXAMPLES\POWER\Battarey.alg
$0094 : bat_ts_Sources                    : 1 bytes : I:\Portable\Algorithm Builder\V544\EXAMPLES\POWER\Battarey.alg
$0094 : bat_1_ts_Source                   : 1 bytes : I:\Portable\Algorithm Builder\V544\EXAMPLES\POWER\Battarey.alg
$0095 : bat_2_ts_Source                   : 1 bytes : I:\Portable\Algorithm Builder\V544\EXAMPLES\POWER\Battarey.alg
$0096 : bat_Contactor_Enabled             : 1 bytes : I:\Portable\Algorithm Builder\V544\EXAMPLES\POWER\Battarey.alg
$0097 : psw_Value0                        : 1 bytes : I:\Portable\Algorithm Builder\V544\EXAMPLES\POWER\Password.alg
$009B : psw_Value1                        : 1 bytes : I:\Portable\Algorithm Builder\V544\EXAMPLES\POWER\Password.alg
$009F : psw_Value2                        : 1 bytes : I:\Portable\Algorithm Builder\V544\EXAMPLES\POWER\Password.alg
$00A3 : psw_ee_TimeLimit                  : 1 bytes : I:\Portable\Algorithm Builder\V544\EXAMPLES\POWER\Password.alg
$00A4 : psw_Unlocked                      : 1 bytes : I:\Portable\Algorithm Builder\V544\EXAMPLES\POWER\Password.alg
$00A5 : psw_Level                         : 1 bytes : I:\Portable\Algorithm Builder\V544\EXAMPLES\POWER\Password.alg
$00A6 : op_Sound                          : 1 bytes : I:\Portable\Algorithm Builder\V544\EXAMPLES\POWER\Options.alg
$00A7 : proc_ExceedLimitationVoltageValue : 2 bytes : I:\Portable\Algorithm Builder\V544\EXAMPLES\POWER\Process.alg
$00A9 : br_Tags                           : 1 bytes : I:\Portable\Algorithm Builder\V544\EXAMPLES\POWER\Breaks.alg
$00B1 : br_Polarities                     : 1 bytes : I:\Portable\Algorithm Builder\V544\EXAMPLES\POWER\Breaks.alg
$00B9 : le_Items                          : 1 bytes : I:\Portable\Algorithm Builder\V544\EXAMPLES\POWER\LogEvents.alg
$0889 : le_Count                          : 1 bytes : I:\Portable\Algorithm Builder\V544\EXAMPLES\POWER\LogEvents.alg
$088A : eth_Reset_Enabled                 : 1 bytes : I:\Portable\Algorithm Builder\V544\EXAMPLES\POWER\Ethernet.alg
$088B : eth_Reset_Timeout                 : 1 bytes : I:\Portable\Algorithm Builder\V544\EXAMPLES\POWER\Ethernet.alg
$088C : ts_Type                           : 1 bytes : I:\Portable\Algorithm Builder\V544\EXAMPLES\POWER\Temperature.alg
$088D : pld_DisableVoltage                : 2 bytes : I:\Portable\Algorithm Builder\V544\EXAMPLES\POWER\PLD.alg
$088F : pld_DisableVoltage_Typ            : 2 bytes : I:\Portable\Algorithm Builder\V544\EXAMPLES\POWER\PLD.alg
$0891 : pld_RecoverVoltage                : 2 bytes : I:\Portable\Algorithm Builder\V544\EXAMPLES\POWER\PLD.alg
$0893 : pld_RecoverVoltage_Typ            : 2 bytes : I:\Portable\Algorithm Builder\V544\EXAMPLES\POWER\PLD.alg
$0895 : pld_Enabled                       : 1 bytes : I:\Portable\Algorithm Builder\V544\EXAMPLES\POWER\PLD.alg
$0896 : pld_Relay                         : 1 bytes : I:\Portable\Algorithm Builder\V544\EXAMPLES\POWER\PLD.alg
$0897 : bsv_Count                         : 1 bytes : I:\Portable\Algorithm Builder\V544\EXAMPLES\POWER\bat_Supervisor.alg
$0898 : bsv_Disballance                   : 2 bytes : I:\Portable\Algorithm Builder\V544\EXAMPLES\POWER\bat_Supervisor.alg
$089A : bsv_SectionsCount                 : 1 bytes : I:\Portable\Algorithm Builder\V544\EXAMPLES\POWER\bat_Supervisor.alg
$089B : bsv_Mode                          : 1 bytes : I:\Portable\Algorithm Builder\V544\EXAMPLES\POWER\bat_Supervisor.alg
$089C : gsv_Count                         : 1 bytes : I:\Portable\Algorithm Builder\V544\EXAMPLES\POWER\GridSupervisor.alg
$089D : gsv_UnderVoltage                  : 2 bytes : I:\Portable\Algorithm Builder\V544\EXAMPLES\POWER\GridSupervisor.alg
$089F : gsv_OverVoltage                   : 2 bytes : I:\Portable\Algorithm Builder\V544\EXAMPLES\POWER\GridSupervisor.alg
$08A1 : gsv_OverCurrents                  : 2 bytes : I:\Portable\Algorithm Builder\V544\EXAMPLES\POWER\GridSupervisor.alg
$08A9 : bat_tst_cap_Enabled               : 1 bytes : I:\Portable\Algorithm Builder\V544\EXAMPLES\POWER\BAT_TST_CAP.alg
$08AA : bat_tst_cap_Method                : 1 bytes : I:\Portable\Algorithm Builder\V544\EXAMPLES\POWER\BAT_TST_CAP.alg
$08AB : bat_tst_cap_Voltage               : 2 bytes : I:\Portable\Algorithm Builder\V544\EXAMPLES\POWER\BAT_TST_CAP.alg
$08AD : bat_tst_cap_Norm                  : 1 bytes : I:\Portable\Algorithm Builder\V544\EXAMPLES\POWER\BAT_TST_CAP.alg
$08AE : bat_tst_cap_Discharge             : 1 bytes : I:\Portable\Algorithm Builder\V544\EXAMPLES\POWER\BAT_TST_CAP.alg
$08AF : bat_tst_cap_Periodicity           : 1 bytes : I:\Portable\Algorithm Builder\V544\EXAMPLES\POWER\BAT_TST_CAP.alg
$08B0 : bat_tst_cap_NextDay               : 2 bytes : I:\Portable\Algorithm Builder\V544\EXAMPLES\POWER\BAT_TST_CAP.alg
$08B2 : bat_tst_cap_Contactor_Enabled     : 1 bytes : I:\Portable\Algorithm Builder\V544\EXAMPLES\POWER\BAT_TST_CAP.alg
$08B3 : bat_tst_cap_Contactor_Relay       : 1 bytes : I:\Portable\Algorithm Builder\V544\EXAMPLES\POWER\BAT_TST_CAP.alg
$08B4 : bat_tst_cap_Cycles                : 1 bytes : I:\Portable\Algorithm Builder\V544\EXAMPLES\POWER\BAT_TST_CAP.alg
$08B5 : bat_tst_cap_res_Status            : 1 bytes : I:\Portable\Algorithm Builder\V544\EXAMPLES\POWER\BAT_TST_CAP.alg
$08B6 : bat_tst_cap_res_Capacity          : 2 bytes : I:\Portable\Algorithm Builder\V544\EXAMPLES\POWER\BAT_TST_CAP.alg
$08C0 : bat_tst_cap_res_Duration          : 2 bytes : I:\Portable\Algorithm Builder\V544\EXAMPLES\POWER\BAT_TST_CAP.alg
$08CA : bat_tst_cap_res_NomDuration       : 2 bytes : I:\Portable\Algorithm Builder\V544\EXAMPLES\POWER\BAT_TST_CAP.alg
$08CC : bat_tst_cap_res_DateTime          : 1 bytes : I:\Portable\Algorithm Builder\V544\EXAMPLES\POWER\BAT_TST_CAP.alg
$08CC : bat_tst_cap_res_Second            : 1 bytes : I:\Portable\Algorithm Builder\V544\EXAMPLES\POWER\BAT_TST_CAP.alg
$08CD : bat_tst_cap_res_Minute            : 1 bytes : I:\Portable\Algorithm Builder\V544\EXAMPLES\POWER\BAT_TST_CAP.alg
$08CE : bat_tst_cap_res_Hour              : 1 bytes : I:\Portable\Algorithm Builder\V544\EXAMPLES\POWER\BAT_TST_CAP.alg
$08CF : bat_tst_cap_res_Day               : 1 bytes : I:\Portable\Algorithm Builder\V544\EXAMPLES\POWER\BAT_TST_CAP.alg
$08D0 : bat_tst_cap_res_Date              : 1 bytes : I:\Portable\Algorithm Builder\V544\EXAMPLES\POWER\BAT_TST_CAP.alg
$08D1 : bat_tst_cap_res_Month             : 1 bytes : I:\Portable\Algorithm Builder\V544\EXAMPLES\POWER\BAT_TST_CAP.alg
$08D2 : bat_tst_cap_res_Year              : 1 bytes : I:\Portable\Algorithm Builder\V544\EXAMPLES\POWER\BAT_TST_CAP.alg
$08D3 : bat_tst_cap_res_Voltage           : 2 bytes : I:\Portable\Algorithm Builder\V544\EXAMPLES\POWER\BAT_TST_CAP.alg
$08D5 : bat_tst_cap_res_Current           : 2 bytes : I:\Portable\Algorithm Builder\V544\EXAMPLES\POWER\BAT_TST_CAP.alg
$08D7 : bat_tst_cap_res_Reserve           : 1 bytes : I:\Portable\Algorithm Builder\V544\EXAMPLES\POWER\BAT_TST_CAP.alg
$08D8 : bat_tst_cap_res_Method            : 1 bytes : I:\Portable\Algorithm Builder\V544\EXAMPLES\POWER\BAT_TST_CAP.alg
$08D9 : bat_tst_cap_res_Cycles            : 1 bytes : I:\Portable\Algorithm Builder\V544\EXAMPLES\POWER\BAT_TST_CAP.alg
$08DA : bat_tst_pwr_Enabled               : 1 bytes : I:\Portable\Algorithm Builder\V544\EXAMPLES\POWER\BAT_TST_PWR.alg
$08DB : bat_tst_pwr_Voltage               : 2 bytes : I:\Portable\Algorithm Builder\V544\EXAMPLES\POWER\BAT_TST_PWR.alg
$08DD : bat_tst_pwr_MinCurrent            : 2 bytes : I:\Portable\Algorithm Builder\V544\EXAMPLES\POWER\BAT_TST_PWR.alg
$08DF : bat_tst_pwr_Periodicity           : 1 bytes : I:\Portable\Algorithm Builder\V544\EXAMPLES\POWER\BAT_TST_PWR.alg
$08E0 : bat_tst_pwr_NextDay               : 2 bytes : I:\Portable\Algorithm Builder\V544\EXAMPLES\POWER\BAT_TST_PWR.alg
$08E2 : bat_tst_pwr_res_Status            : 1 bytes : I:\Portable\Algorithm Builder\V544\EXAMPLES\POWER\BAT_TST_PWR.alg
$08E3 : bat_tst_pwr_res_Voltage           : 2 bytes : I:\Portable\Algorithm Builder\V544\EXAMPLES\POWER\BAT_TST_PWR.alg
$08E5 : bat_tst_pwr_res_bat_Current       : 2 bytes : I:\Portable\Algorithm Builder\V544\EXAMPLES\POWER\BAT_TST_PWR.alg
$08E7 : bat_tst_pwr_res_rect_Current      : 2 bytes : I:\Portable\Algorithm Builder\V544\EXAMPLES\POWER\BAT_TST_PWR.alg
$08E9 : bat_tst_pwr_res_DateTime          : 1 bytes : I:\Portable\Algorithm Builder\V544\EXAMPLES\POWER\BAT_TST_PWR.alg
$08E9 : bat_tst_pwr_res_Second            : 1 bytes : I:\Portable\Algorithm Builder\V544\EXAMPLES\POWER\BAT_TST_PWR.alg
$08EA : bat_tst_pwr_res_Minute            : 1 bytes : I:\Portable\Algorithm Builder\V544\EXAMPLES\POWER\BAT_TST_PWR.alg
$08EB : bat_tst_pwr_res_Hour              : 1 bytes : I:\Portable\Algorithm Builder\V544\EXAMPLES\POWER\BAT_TST_PWR.alg
$08EC : bat_tst_pwr_res_Day               : 1 bytes : I:\Portable\Algorithm Builder\V544\EXAMPLES\POWER\BAT_TST_PWR.alg
$08ED : bat_tst_pwr_res_Date              : 1 bytes : I:\Portable\Algorithm Builder\V544\EXAMPLES\POWER\BAT_TST_PWR.alg
$08EE : bat_tst_pwr_res_Month             : 1 bytes : I:\Portable\Algorithm Builder\V544\EXAMPLES\POWER\BAT_TST_PWR.alg
$08EF : bat_tst_pwr_res_Year              : 1 bytes : I:\Portable\Algorithm Builder\V544\EXAMPLES\POWER\BAT_TST_PWR.alg
$08F0 : bat_eq_Voltage                    : 2 bytes : I:\Portable\Algorithm Builder\V544\EXAMPLES\POWER\BAT_EQ.alg
$08F2 : bat_eq_Voltage_Typ                : 2 bytes : I:\Portable\Algorithm Builder\V544\EXAMPLES\POWER\BAT_EQ.alg
$08F4 : bat_eq_Time                       : 2 bytes : I:\Portable\Algorithm Builder\V544\EXAMPLES\POWER\BAT_EQ.alg
$08F6 : bat_eq_TimeFor                    : 1 bytes : I:\Portable\Algorithm Builder\V544\EXAMPLES\POWER\BAT_EQ.alg
$08F7 : rel_Strobe_Enabled                : 1 bytes : I:\Portable\Algorithm Builder\V544\EXAMPLES\POWER\Relays.alg
$08F8 : rel_Strobe_Relay                  : 1 bytes : I:\Portable\Algorithm Builder\V544\EXAMPLES\POWER\Relays.alg
$08F9 : bps_Enabled                       : 1 bytes : I:\Portable\Algorithm Builder\V544\EXAMPLES\POWER\Bypass.alg
$08FA : bps_ph_Count                      : 1 bytes : I:\Portable\Algorithm Builder\V544\EXAMPLES\POWER\Bypass.alg
$08FB : pwc_Enabled                       : 1 bytes : I:\Portable\Algorithm Builder\V544\EXAMPLES\POWER\PowerCounter.alg
$08FC : pwc_Type                          : 1 bytes : I:\Portable\Algorithm Builder\V544\EXAMPLES\POWER\PowerCounter.alg
$08FD : pwc_Tariff_NomCount               : 1 bytes : I:\Portable\Algorithm Builder\V544\EXAMPLES\POWER\PowerCounter.alg
$08FE : pwc_BitRate                       : 1 bytes : I:\Portable\Algorithm Builder\V544\EXAMPLES\POWER\PowerCounter.alg
$08FF : pwc_Address                       : 2 bytes : I:\Portable\Algorithm Builder\V544\EXAMPLES\POWER\PowerCounter.alg
$0901 : objsv_Enabled                     : 1 bytes : I:\Portable\Algorithm Builder\V544\EXAMPLES\POWER\ObjectSupervisor.alg
$0902 : objsv_br_Tags                     : 1 bytes : I:\Portable\Algorithm Builder\V544\EXAMPLES\POWER\ObjectSupervisor.alg
$091A : objsv_br_Polarities               : 1 bytes : I:\Portable\Algorithm Builder\V544\EXAMPLES\POWER\ObjectSupervisor.alg
$0932 : objsv_FireTimer_Duration          : 2 bytes : I:\Portable\Algorithm Builder\V544\EXAMPLES\POWER\ObjectSupervisor.alg
$0934 : objsv_ts_Count                    : 1 bytes : I:\Portable\Algorithm Builder\V544\EXAMPLES\POWER\ObjectSupervisor.alg
$0935 : dt_mng_Enabled                    : 1 bytes : I:\Portable\Algorithm Builder\V544\EXAMPLES\POWER\DataTranslator.alg
$0936 : dt_mng_Bits                       : 1 bytes : I:\Portable\Algorithm Builder\V544\EXAMPLES\POWER\DataTranslator.alg
$0937 : dt_mng_BitRate                    : 1 bytes : I:\Portable\Algorithm Builder\V544\EXAMPLES\POWER\DataTranslator.alg
$0938 : dt_mng_Parity                     : 1 bytes : I:\Portable\Algorithm Builder\V544\EXAMPLES\POWER\DataTranslator.alg
$0939 : dt_mng_StopBits                   : 1 bytes : I:\Portable\Algorithm Builder\V544\EXAMPLES\POWER\DataTranslator.alg
$093A : dt_mng_Timeout                    : 2 bytes : I:\Portable\Algorithm Builder\V544\EXAMPLES\POWER\DataTranslator.alg
$093C : alm_dbg_Enabled                   : 1 bytes : I:\Portable\Algorithm Builder\V544\EXAMPLES\POWER\ALM_DBG.alg
$093D : alm_dbg_Event                     : 1 bytes : I:\Portable\Algorithm Builder\V544\EXAMPLES\POWER\ALM_DBG.alg
$093E : cool_Count                        : 1 bytes : I:\Portable\Algorithm Builder\V544\EXAMPLES\POWER\Cooler.alg
$093F : cool_Mode                         : 1 bytes : I:\Portable\Algorithm Builder\V544\EXAMPLES\POWER\Cooler.alg
$0941 : cool_Temperature_On               : 1 bytes : I:\Portable\Algorithm Builder\V544\EXAMPLES\POWER\Cooler.alg
$0943 : cool_Temperature_Off              : 1 bytes : I:\Portable\Algorithm Builder\V544\EXAMPLES\POWER\Cooler.alg
$0945 : cool_MinPower_Int                 : 1 bytes : I:\Portable\Algorithm Builder\V544\EXAMPLES\POWER\Cooler.alg
$0947 : cool_LockTime                     : 1 bytes : I:\Portable\Algorithm Builder\V544\EXAMPLES\POWER\Cooler.alg
$0949 : snmp_Name                         : 1 bytes : I:\Portable\Algorithm Builder\V544\EXAMPLES\POWER\SNMP.alg
$0989 : snmp_Language                     : 1 bytes : I:\Portable\Algorithm Builder\V544\EXAMPLES\POWER\SNMP.alg
$098A : snmp_trap_Count                   : 1 bytes : I:\Portable\Algorithm Builder\V544\EXAMPLES\POWER\SNMP.alg
$098B : snmp_trap_IPAddress               : 4 bytes : I:\Portable\Algorithm Builder\V544\EXAMPLES\POWER\SNMP.alg
$099B : snmp_trap_Port                    : 2 bytes : I:\Portable\Algorithm Builder\V544\EXAMPLES\POWER\SNMP.alg
$09A3 : snmp_trap_Period                  : 1 bytes : I:\Portable\Algorithm Builder\V544\EXAMPLES\POWER\SNMP.alg
$09A4 : tr_Count                          : 1 bytes : I:\Portable\Algorithm Builder\V544\EXAMPLES\POWER\TermoRelays.alg
$09A5 : tr_Temperature_Hi                 : 1 bytes : I:\Portable\Algorithm Builder\V544\EXAMPLES\POWER\TermoRelays.alg
$09AD : tr_Temperature_Lo                 : 1 bytes : I:\Portable\Algorithm Builder\V544\EXAMPLES\POWER\TermoRelays.alg
$09B5 : tr_ts_Source                      : 1 bytes : I:\Portable\Algorithm Builder\V544\EXAMPLES\POWER\TermoRelays.alg
$09BD : tr_rel_Index                      : 1 bytes : I:\Portable\Algorithm Builder\V544\EXAMPLES\POWER\TermoRelays.alg
$09C5 : tr_Mode                           : 1 bytes : I:\Portable\Algorithm Builder\V544\EXAMPLES\POWER\TermoRelays.alg
$09CD : tr_Pause_Value                    : 1 bytes : I:\Portable\Algorithm Builder\V544\EXAMPLES\POWER\TermoRelays.alg
$09D5 : tr_Fire                           : 1 bytes : I:\Portable\Algorithm Builder\V544\EXAMPLES\POWER\TermoRelays.alg
$09DD : tmr_Count                         : 1 bytes : I:\Portable\Algorithm Builder\V544\EXAMPLES\POWER\Timers.alg
$09DE : tmr_Destination                   : 1 bytes : I:\Portable\Algorithm Builder\V544\EXAMPLES\POWER\Timers.alg
$09E2 : tmr_rel_Index                     : 1 bytes : I:\Portable\Algorithm Builder\V544\EXAMPLES\POWER\Timers.alg
$09E6 : tmr_Period                        : 2 bytes : I:\Portable\Algorithm Builder\V544\EXAMPLES\POWER\Timers.alg
$09EE : tmr_Duration                      : 2 bytes : I:\Portable\Algorithm Builder\V544\EXAMPLES\POWER\Timers.alg
$09F6 : tmr_Fire                          : 1 bytes : I:\Portable\Algorithm Builder\V544\EXAMPLES\POWER\Timers.alg
